{"ENSE00002771605":[{"ensembl_exon_id":"ENSE00002771605","right_crispr":{"chr_start":46154228,"off_target_summary_arr":["3","0","1","19","171"],"pam_right":1,"species_id":1,"exonic":1,"chr_end":46154250,"id":"245377737","off_target_summary":"{0: 3, 1: 0, 2: 1, 3: 19, 4: 171}","genic":1,"chr_name":"17","seq":"CTGAGAATCCCTTCCACTTTAGG"},"orientation":0,"id":"245377736_245377737","left_crispr":{"chr_start":46154207,"off_target_summary_arr":["1","0","0","9","126"],"pam_right":0,"species_id":1,"exonic":1,"chr_end":46154229,"id":"245377736","off_target_summary":"{0: 1, 1: 0, 2: 0, 3: 9, 4: 126}","genic":1,"chr_name":"17","seq":"CCTGTGTCAGTGAAACTTACTCT"},"db_data":{"status":"Complete","last_modified":"2014-03-04 10:42:13.120983","off_target_summary":"{\"closest\":\"\",\"total_pairs\":1,\"max_distance\":1000}","id":"245377736_245377737","status_id":5},"spacer":-2},{"ensembl_exon_id":"ENSE00002771605","right_crispr":{"chr_start":46154231,"off_target_summary_arr":["3","0","2","16","159"],"pam_right":1,"species_id":1,"exonic":1,"chr_end":46154253,"id":"245377738","off_target_summary":"{0: 3, 1: 0, 2: 2, 3: 16, 4: 159}","genic":1,"chr_name":"17","seq":"AGAATCCCTTCCACTTTAGGAGG"},"orientation":0,"id":"245377736_245377738","left_crispr":{"chr_start":46154207,"off_target_summary_arr":["1","0","0","9","126"],"pam_right":0,"species_id":1,"exonic":1,"chr_end":46154229,"id":"245377736","off_target_summary":"{0: 1, 1: 0, 2: 0, 3: 9, 4: 126}","genic":1,"chr_name":"17","seq":"CCTGTGTCAGTGAAACTTACTCT"},"db_data":{"status":"Complete","last_modified":"2014-03-04 10:42:20.004226","off_target_summary":"{\"closest\":\"\",\"total_pairs\":1,\"max_distance\":1000}","id":"245377736_245377738","status_id":5},"spacer":1},{"ensembl_exon_id":"ENSE00002771605","right_crispr":{"chr_start":46154261,"off_target_summary_arr":["1","1","1","7","85"],"pam_right":1,"species_id":1,"exonic":1,"chr_end":46154283,"id":"245377743","off_target_summary":"{0: 1, 1: 1, 2: 1, 3: 7, 4: 85}","genic":1,"chr_name":"17","seq":"CTTTGCCCTTTACCACTCGACGG"},"orientation":0,"id":"245377739_245377743","left_crispr":{"chr_start":46154236,"off_target_summary_arr":["3","1","0","6","81"],"pam_right":0,"species_id":1,"exonic":1,"chr_end":46154258,"id":"245377739","off_target_summary":"{0: 3, 1: 1, 2: 0, 3: 6, 4: 81}","genic":1,"chr_name":"17","seq":"CCCTTCCACTTTAGGAGGTACTC"},"db_data":{"status":"Complete","last_modified":"2014-03-04 10:42:26.740558","off_target_summary":"{\"closest\":2,\"total_pairs\":3,\"max_distance\":1000}","id":"245377739_245377743","status_id":5},"spacer":2},{"ensembl_exon_id":"ENSE00002771605","right_crispr":{"chr_start":46154261,"off_target_summary_arr":["1","1","1","7","85"],"pam_right":1,"species_id":1,"exonic":1,"chr_end":46154283,"id":"245377743","off_target_summary":"{0: 1, 1: 1, 2: 1, 3: 7, 4: 85}","genic":1,"chr_name":"17","seq":"CTTTGCCCTTTACCACTCGACGG"},"orientation":0,"id":"245377740_245377743","left_crispr":{"chr_start":46154237,"off_target_summary_arr":["3","1","0","9","95"],"pam_right":0,"species_id":1,"exonic":1,"chr_end":46154259,"id":"245377740","off_target_summary":"{0: 3, 1: 1, 2: 0, 3: 9, 4: 95}","genic":1,"chr_name":"17","seq":"CCTTCCACTTTAGGAGGTACTCC"},"db_data":{"status":"Complete","last_modified":"2014-03-04 10:42:30.039787","off_target_summary":"{\"closest\":1,\"total_pairs\":3,\"max_distance\":1000}","id":"245377740_245377743","status_id":5},"spacer":1},{"ensembl_exon_id":"ENSE00002771605","right_crispr":{"chr_start":46154261,"off_target_summary_arr":["1","1","1","7","85"],"pam_right":1,"species_id":1,"exonic":1,"chr_end":46154283,"id":"245377743","off_target_summary":"{0: 1, 1: 1, 2: 1, 3: 7, 4: 85}","genic":1,"chr_name":"17","seq":"CTTTGCCCTTTACCACTCGACGG"},"orientation":0,"id":"245377741_245377743","left_crispr":{"chr_start":46154241,"off_target_summary_arr":["3","2","1","4","90"],"pam_right":0,"species_id":1,"exonic":1,"chr_end":46154263,"id":"245377741","off_target_summary":"{0: 3, 1: 2, 2: 1, 3: 4, 4: 90}","genic":1,"chr_name":"17","seq":"CCACTTTAGGAGGTACTCCACTT"},"db_data":{"status":"Complete","last_modified":"2014-03-04 10:42:33.356778","off_target_summary":"{\"closest\":-3,\"total_pairs\":3,\"max_distance\":1000}","id":"245377741_245377743","status_id":5},"spacer":-3},{"ensembl_exon_id":"ENSE00002771605","right_crispr":{"chr_start":46154364,"off_target_summary_arr":["1","1","2","2","54"],"pam_right":1,"species_id":1,"exonic":1,"chr_end":46154386,"id":"245377758","off_target_summary":"{0: 1, 1: 1, 2: 2, 3: 2, 4: 54}","genic":1,"chr_name":"17","seq":"CATAGTGCCCGCCAGCTTTCTGG"},"orientation":0,"id":"245377750_245377758","left_crispr":{"chr_start":46154315,"off_target_summary_arr":["2","3","8","244","2389"],"pam_right":0,"species_id":1,"exonic":1,"chr_end":46154337,"id":"245377750","off_target_summary":"{0: 2, 1: 3, 2: 8, 3: 244, 4: 2389}","genic":1,"chr_name":"17","seq":"CCTCCTCTTCTAGCACCTCCTCC"},"db_data":{"status":"Too many individual off targets","last_modified":"2014-03-04 10:42:33.39512","off_target_summary":null,"id":"245377750_245377758","status_id":-2},"spacer":26},{"ensembl_exon_id":"ENSE00002771605","right_crispr":{"chr_start":46154364,"off_target_summary_arr":["1","1","2","2","54"],"pam_right":1,"species_id":1,"exonic":1,"chr_end":46154386,"id":"245377758","off_target_summary":"{0: 1, 1: 1, 2: 2, 3: 2, 4: 54}","genic":1,"chr_name":"17","seq":"CATAGTGCCCGCCAGCTTTCTGG"},"orientation":0,"id":"245377751_245377758","left_crispr":{"chr_start":46154318,"off_target_summary_arr":["2","1","7","47","629"],"pam_right":0,"species_id":1,"exonic":1,"chr_end":46154340,"id":"245377751","off_target_summary":"{0: 2, 1: 1, 2: 7, 3: 47, 4: 629}","genic":1,"chr_name":"17","seq":"CCTCTTCTAGCACCTCCTCCACT"},"db_data":{"status":"Complete","last_modified":"2014-03-04 10:43:15.133249","off_target_summary":"{\"closest\":23,\"total_pairs\":3,\"max_distance\":1000}","id":"245377751_245377758","status_id":5},"spacer":23},{"ensembl_exon_id":"ENSE00002771605","right_crispr":{"chr_start":46154364,"off_target_summary_arr":["1","1","2","2","54"],"pam_right":1,"species_id":1,"exonic":1,"chr_end":46154386,"id":"245377758","off_target_summary":"{0: 1, 1: 1, 2: 2, 3: 2, 4: 54}","genic":1,"chr_name":"17","seq":"CATAGTGCCCGCCAGCTTTCTGG"},"orientation":0,"id":"245377752_245377758","left_crispr":{"chr_start":46154330,"off_target_summary_arr":["3","0","22","286","2253"],"pam_right":0,"species_id":1,"exonic":1,"chr_end":46154352,"id":"245377752","off_target_summary":"{0: 3, 1: 0, 2: 22, 3: 286, 4: 2253}","genic":1,"chr_name":"17","seq":"CCTCCTCCACTTTCTTCTTGTTT"},"db_data":{"status":"Too many individual off targets","last_modified":"2014-03-04 10:43:15.154859","off_target_summary":null,"id":"245377752_245377758","status_id":-2},"spacer":11},{"ensembl_exon_id":"ENSE00002771605","right_crispr":{"chr_start":46154372,"off_target_summary_arr":["1","1","1","5","60"],"pam_right":1,"species_id":1,"exonic":1,"chr_end":46154394,"id":"245377761","off_target_summary":"{0: 1, 1: 1, 2: 1, 3: 5, 4: 60}","genic":1,"chr_name":"17","seq":"CCGCCAGCTTTCTGGTGTAAAGG"},"orientation":0,"id":"245377752_245377761","left_crispr":{"chr_start":46154330,"off_target_summary_arr":["3","0","22","286","2253"],"pam_right":0,"species_id":1,"exonic":1,"chr_end":46154352,"id":"245377752","off_target_summary":"{0: 3, 1: 0, 2: 22, 3: 286, 4: 2253}","genic":1,"chr_name":"17","seq":"CCTCCTCCACTTTCTTCTTGTTT"},"db_data":{"status":"Too many individual off targets","last_modified":"2014-03-04 10:43:15.175359","off_target_summary":null,"id":"245377752_245377761","status_id":-2},"spacer":19},{"ensembl_exon_id":"ENSE00002771605","right_crispr":{"chr_start":46154373,"off_target_summary_arr":["1","1","2","8","80"],"pam_right":1,"species_id":1,"exonic":1,"chr_end":46154395,"id":"245377762","off_target_summary":"{0: 1, 1: 1, 2: 2, 3: 8, 4: 80}","genic":1,"chr_name":"17","seq":"CGCCAGCTTTCTGGTGTAAAGGG"},"orientation":0,"id":"245377752_245377762","left_crispr":{"chr_start":46154330,"off_target_summary_arr":["3","0","22","286","2253"],"pam_right":0,"species_id":1,"exonic":1,"chr_end":46154352,"id":"245377752","off_target_summary":"{0: 3, 1: 0, 2: 22, 3: 286, 4: 2253}","genic":1,"chr_name":"17","seq":"CCTCCTCCACTTTCTTCTTGTTT"},"db_data":{"status":"Too many individual off targets","last_modified":"2014-03-04 10:43:15.200946","off_target_summary":null,"id":"245377752_245377762","status_id":-2},"spacer":20},{"ensembl_exon_id":"ENSE00002771605","right_crispr":{"chr_start":46154364,"off_target_summary_arr":["1","1","2","2","54"],"pam_right":1,"species_id":1,"exonic":1,"chr_end":46154386,"id":"245377758","off_target_summary":"{0: 1, 1: 1, 2: 2, 3: 2, 4: 54}","genic":1,"chr_name":"17","seq":"CATAGTGCCCGCCAGCTTTCTGG"},"orientation":0,"id":"245377753_245377758","left_crispr":{"chr_start":46154333,"off_target_summary_arr":["3","3","6","112","1400"],"pam_right":0,"species_id":1,"exonic":1,"chr_end":46154355,"id":"245377753","off_target_summary":"{0: 3, 1: 3, 2: 6, 3: 112, 4: 1400}","genic":1,"chr_name":"17","seq":"CCTCCACTTTCTTCTTGTTTTGT"},"db_data":{"status":"Complete","last_modified":"2014-03-04 10:44:05.639233","off_target_summary":"{\"closest\":8,\"total_pairs\":6,\"max_distance\":1000}","id":"245377753_245377758","status_id":5},"spacer":8},{"ensembl_exon_id":"ENSE00002771605","right_crispr":{"chr_start":46154372,"off_target_summary_arr":["1","1","1","5","60"],"pam_right":1,"species_id":1,"exonic":1,"chr_end":46154394,"id":"245377761","off_target_summary":"{0: 1, 1: 1, 2: 1, 3: 5, 4: 60}","genic":1,"chr_name":"17","seq":"CCGCCAGCTTTCTGGTGTAAAGG"},"orientation":0,"id":"245377753_245377761","left_crispr":{"chr_start":46154333,"off_target_summary_arr":["3","3","6","112","1400"],"pam_right":0,"species_id":1,"exonic":1,"chr_end":46154355,"id":"245377753","off_target_summary":"{0: 3, 1: 3, 2: 6, 3: 112, 4: 1400}","genic":1,"chr_name":"17","seq":"CCTCCACTTTCTTCTTGTTTTGT"},"db_data":{"status":"Complete","last_modified":"2014-03-04 10:44:11.037846","off_target_summary":"{\"closest\":16,\"total_pairs\":7,\"max_distance\":1000}","id":"245377753_245377761","status_id":5},"spacer":16},{"ensembl_exon_id":"ENSE00002771605","right_crispr":{"chr_start":46154373,"off_target_summary_arr":["1","1","2","8","80"],"pam_right":1,"species_id":1,"exonic":1,"chr_end":46154395,"id":"245377762","off_target_summary":"{0: 1, 1: 1, 2: 2, 3: 8, 4: 80}","genic":1,"chr_name":"17","seq":"CGCCAGCTTTCTGGTGTAAAGGG"},"orientation":0,"id":"245377753_245377762","left_crispr":{"chr_start":46154333,"off_target_summary_arr":["3","3","6","112","1400"],"pam_right":0,"species_id":1,"exonic":1,"chr_end":46154355,"id":"245377753","off_target_summary":"{0: 3, 1: 3, 2: 6, 3: 112, 4: 1400}","genic":1,"chr_name":"17","seq":"CCTCCACTTTCTTCTTGTTTTGT"},"db_data":{"status":"Complete","last_modified":"2014-03-04 10:44:17.284352","off_target_summary":"{\"closest\":17,\"total_pairs\":7,\"max_distance\":1000}","id":"245377753_245377762","status_id":5},"spacer":17},{"ensembl_exon_id":"ENSE00002771605","right_crispr":{"chr_start":46154364,"off_target_summary_arr":["1","1","2","2","54"],"pam_right":1,"species_id":1,"exonic":1,"chr_end":46154386,"id":"245377758","off_target_summary":"{0: 1, 1: 1, 2: 2, 3: 2, 4: 54}","genic":1,"chr_name":"17","seq":"CATAGTGCCCGCCAGCTTTCTGG"},"orientation":0,"id":"245377754_245377758","left_crispr":{"chr_start":46154336,"off_target_summary_arr":["3","4","80","1230","13094"],"pam_right":0,"species_id":1,"exonic":1,"chr_end":46154358,"id":"245377754","off_target_summary":"{0: 3, 1: 4, 2: 80, 3: 1230, 4: 13094}","genic":1,"chr_name":"17","seq":"CCACTTTCTTCTTGTTTTGTTTT"},"db_data":{"status":"Too many individual off targets","last_modified":"2014-03-04 10:44:27.797738","off_target_summary":null,"id":"245377754_245377758","status_id":-2},"spacer":5},{"ensembl_exon_id":"ENSE00002771605","right_crispr":{"chr_start":46154372,"off_target_summary_arr":["1","1","1","5","60"],"pam_right":1,"species_id":1,"exonic":1,"chr_end":46154394,"id":"245377761","off_target_summary":"{0: 1, 1: 1, 2: 1, 3: 5, 4: 60}","genic":1,"chr_name":"17","seq":"CCGCCAGCTTTCTGGTGTAAAGG"},"orientation":0,"id":"245377754_245377761","left_crispr":{"chr_start":46154336,"off_target_summary_arr":["3","4","80","1230","13094"],"pam_right":0,"species_id":1,"exonic":1,"chr_end":46154358,"id":"245377754","off_target_summary":"{0: 3, 1: 4, 2: 80, 3: 1230, 4: 13094}","genic":1,"chr_name":"17","seq":"CCACTTTCTTCTTGTTTTGTTTT"},"db_data":{"status":"Too many individual off targets","last_modified":"2014-03-04 10:44:28.245781","off_target_summary":null,"id":"245377754_245377761","status_id":-2},"spacer":13},{"ensembl_exon_id":"ENSE00002771605","right_crispr":{"chr_start":46154373,"off_target_summary_arr":["1","1","2","8","80"],"pam_right":1,"species_id":1,"exonic":1,"chr_end":46154395,"id":"245377762","off_target_summary":"{0: 1, 1: 1, 2: 2, 3: 8, 4: 80}","genic":1,"chr_name":"17","seq":"CGCCAGCTTTCTGGTGTAAAGGG"},"orientation":0,"id":"245377754_245377762","left_crispr":{"chr_start":46154336,"off_target_summary_arr":["3","4","80","1230","13094"],"pam_right":0,"species_id":1,"exonic":1,"chr_end":46154358,"id":"245377754","off_target_summary":"{0: 3, 1: 4, 2: 80, 3: 1230, 4: 13094}","genic":1,"chr_name":"17","seq":"CCACTTTCTTCTTGTTTTGTTTT"},"db_data":{"status":"Too many individual off targets","last_modified":"2014-03-04 10:44:28.740974","off_target_summary":null,"id":"245377754_245377762","status_id":-2},"spacer":14}],"ENSE00002887933":[{"ensembl_exon_id":"ENSE00002887933","right_crispr":{"chr_start":46153473,"off_target_summary_arr":["3","0","2","19","202"],"pam_right":1,"species_id":1,"exonic":1,"chr_end":46153495,"id":"245377650","off_target_summary":"{0: 3, 1: 0, 2: 2, 3: 19, 4: 202}","genic":1,"chr_name":"17","seq":"ACTGCAGAAACTCAGCAATGAGG"},"orientation":0,"id":"245377647_245377650","left_crispr":{"chr_start":46153433,"off_target_summary_arr":["3","0","3","20","359"],"pam_right":0,"species_id":1,"exonic":1,"chr_end":46153455,"id":"245377647","off_target_summary":"{0: 3, 1: 0, 2: 3, 3: 20, 4: 359}","genic":1,"chr_name":"17","seq":"CCTCCCTCTGATTTATCTGTCTC"},"db_data":{"status":"Complete","last_modified":"2014-04-02 15:18:11.094089","off_target_summary":"{\"closest\":17,\"total_pairs\":5,\"max_distance\":1000}","id":"245377647_245377650","status_id":5},"spacer":17},{"ensembl_exon_id":"ENSE00002887933","right_crispr":{"chr_start":46153477,"off_target_summary_arr":["1","0","0","23","229"],"pam_right":1,"species_id":1,"exonic":1,"chr_end":46153499,"id":"245377651","off_target_summary":"{0: 1, 1: 0, 2: 0, 3: 23, 4: 229}","genic":1,"chr_name":"17","seq":"CAGAAACTCAGCAATGAGGTCGG"},"orientation":0,"id":"245377647_245377651","left_crispr":{"chr_start":46153433,"off_target_summary_arr":["3","0","3","20","359"],"pam_right":0,"species_id":1,"exonic":1,"chr_end":46153455,"id":"245377647","off_target_summary":"{0: 3, 1: 0, 2: 3, 3: 20, 4: 359}","genic":1,"chr_name":"17","seq":"CCTCCCTCTGATTTATCTGTCTC"},"db_data":{"status":"Complete","last_modified":"2014-03-04 16:44:53.944063","off_target_summary":"{\"closest\":\"None\",\"total_pairs\":1,\"max_distance\":1000}","id":"245377647_245377651","status_id":5},"spacer":21},{"ensembl_exon_id":"ENSE00002887933","right_crispr":{"chr_start":46153478,"off_target_summary_arr":["2","0","1","18","259"],"pam_right":1,"species_id":1,"exonic":1,"chr_end":46153500,"id":"245377652","off_target_summary":"{0: 2, 1: 0, 2: 1, 3: 18, 4: 259}","genic":1,"chr_name":"17","seq":"AGAAACTCAGCAATGAGGTCGGG"},"orientation":0,"id":"245377647_245377652","left_crispr":{"chr_start":46153433,"off_target_summary_arr":["3","0","3","20","359"],"pam_right":0,"species_id":1,"exonic":1,"chr_end":46153455,"id":"245377647","off_target_summary":"{0: 3, 1: 0, 2: 3, 3: 20, 4: 359}","genic":1,"chr_name":"17","seq":"CCTCCCTCTGATTTATCTGTCTC"},"db_data":{"status":"Complete","last_modified":"2014-03-04 16:44:57.662071","off_target_summary":"{\"closest\":22,\"total_pairs\":2,\"max_distance\":1000}","id":"245377647_245377652","status_id":5},"spacer":22},{"ensembl_exon_id":"ENSE00002887933","right_crispr":{"chr_start":46153479,"off_target_summary_arr":["2","1","1","8","140"],"pam_right":1,"species_id":1,"exonic":1,"chr_end":46153501,"id":"245377653","off_target_summary":"{0: 2, 1: 1, 2: 1, 3: 8, 4: 140}","genic":1,"chr_name":"17","seq":"GAAACTCAGCAATGAGGTCGGGG"},"orientation":0,"id":"245377647_245377653","left_crispr":{"chr_start":46153433,"off_target_summary_arr":["3","0","3","20","359"],"pam_right":0,"species_id":1,"exonic":1,"chr_end":46153455,"id":"245377647","off_target_summary":"{0: 3, 1: 0, 2: 3, 3: 20, 4: 359}","genic":1,"chr_name":"17","seq":"CCTCCCTCTGATTTATCTGTCTC"},"db_data":{"status":"Complete","last_modified":"2014-03-04 16:44:59.591122","off_target_summary":"{\"closest\":23,\"total_pairs\":3,\"max_distance\":1000}","id":"245377647_245377653","status_id":5},"spacer":23},{"ensembl_exon_id":"ENSE00002887933","right_crispr":{"chr_start":46153473,"off_target_summary_arr":["3","0","2","19","202"],"pam_right":1,"species_id":1,"exonic":1,"chr_end":46153495,"id":"245377650","off_target_summary":"{0: 3, 1: 0, 2: 2, 3: 19, 4: 202}","genic":1,"chr_name":"17","seq":"ACTGCAGAAACTCAGCAATGAGG"},"orientation":0,"id":"245377648_245377650","left_crispr":{"chr_start":46153436,"off_target_summary_arr":["3","0","2","32","346"],"pam_right":0,"species_id":1,"exonic":1,"chr_end":46153458,"id":"245377648","off_target_summary":"{0: 3, 1: 0, 2: 2, 3: 32, 4: 346}","genic":1,"chr_name":"17","seq":"CCCTCTGATTTATCTGTCTCATG"},"db_data":{"status":"Complete","last_modified":"2014-03-04 16:47:03.040591","off_target_summary":"{\"closest\":14,\"total_pairs\":4,\"max_distance\":1000}","id":"245377648_245377650","status_id":5},"spacer":14},{"ensembl_exon_id":"ENSE00002887933","right_crispr":{"chr_start":46153477,"off_target_summary_arr":["1","0","0","23","229"],"pam_right":1,"species_id":1,"exonic":1,"chr_end":46153499,"id":"245377651","off_target_summary":"{0: 1, 1: 0, 2: 0, 3: 23, 4: 229}","genic":1,"chr_name":"17","seq":"CAGAAACTCAGCAATGAGGTCGG"},"orientation":0,"id":"245377648_245377651","left_crispr":{"chr_start":46153436,"off_target_summary_arr":["3","0","2","32","346"],"pam_right":0,"species_id":1,"exonic":1,"chr_end":46153458,"id":"245377648","off_target_summary":"{0: 3, 1: 0, 2: 2, 3: 32, 4: 346}","genic":1,"chr_name":"17","seq":"CCCTCTGATTTATCTGTCTCATG"},"db_data":{"status":"Complete","last_modified":"2014-03-04 16:45:04.510763","off_target_summary":"{\"closest\":\"None\",\"total_pairs\":1,\"max_distance\":1000}","id":"245377648_245377651","status_id":5},"spacer":18},{"ensembl_exon_id":"ENSE00002887933","right_crispr":{"chr_start":46153478,"off_target_summary_arr":["2","0","1","18","259"],"pam_right":1,"species_id":1,"exonic":1,"chr_end":46153500,"id":"245377652","off_target_summary":"{0: 2, 1: 0, 2: 1, 3: 18, 4: 259}","genic":1,"chr_name":"17","seq":"AGAAACTCAGCAATGAGGTCGGG"},"orientation":0,"id":"245377648_245377652","left_crispr":{"chr_start":46153436,"off_target_summary_arr":["3","0","2","32","346"],"pam_right":0,"species_id":1,"exonic":1,"chr_end":46153458,"id":"245377648","off_target_summary":"{0: 3, 1: 0, 2: 2, 3: 32, 4: 346}","genic":1,"chr_name":"17","seq":"CCCTCTGATTTATCTGTCTCATG"},"db_data":{"status":"Complete","last_modified":"2014-03-04 16:45:05.349996","off_target_summary":"{\"closest\":19,\"total_pairs\":2,\"max_distance\":1000}","id":"245377648_245377652","status_id":5},"spacer":19},{"ensembl_exon_id":"ENSE00002887933","right_crispr":{"chr_start":46153479,"off_target_summary_arr":["2","1","1","8","140"],"pam_right":1,"species_id":1,"exonic":1,"chr_end":46153501,"id":"245377653","off_target_summary":"{0: 2, 1: 1, 2: 1, 3: 8, 4: 140}","genic":1,"chr_name":"17","seq":"GAAACTCAGCAATGAGGTCGGGG"},"orientation":0,"id":"245377648_245377653","left_crispr":{"chr_start":46153436,"off_target_summary_arr":["3","0","2","32","346"],"pam_right":0,"species_id":1,"exonic":1,"chr_end":46153458,"id":"245377648","off_target_summary":"{0: 3, 1: 0, 2: 2, 3: 32, 4: 346}","genic":1,"chr_name":"17","seq":"CCCTCTGATTTATCTGTCTCATG"},"db_data":{"status":"Complete","last_modified":"2014-06-26 14:12:04.418195","off_target_summary":"{\"closest\":20,\"total_pairs\":3,\"max_distance\":1000}","id":"245377648_245377653","status_id":5},"spacer":20},{"ensembl_exon_id":"ENSE00002887933","right_crispr":{"chr_start":46153488,"off_target_summary_arr":["1","2","0","3","66"],"pam_right":1,"species_id":1,"exonic":1,"chr_end":46153510,"id":"245377654","off_target_summary":"{0: 1, 1: 2, 2: 0, 3: 3, 4: 66}","genic":1,"chr_name":"17","seq":"CAATGAGGTCGGGGCAATCCAGG"},"orientation":0,"id":"245377648_245377654","left_crispr":{"chr_start":46153436,"off_target_summary_arr":["3","0","2","32","346"],"pam_right":0,"species_id":1,"exonic":1,"chr_end":46153458,"id":"245377648","off_target_summary":"{0: 3, 1: 0, 2: 2, 3: 32, 4: 346}","genic":1,"chr_name":"17","seq":"CCCTCTGATTTATCTGTCTCATG"},"db_data":{"status":"Complete","last_modified":"2014-03-05 11:35:59.627343","off_target_summary":"{\"closest\":29,\"total_pairs\":3,\"max_distance\":1000}","id":"245377648_245377654","status_id":5},"spacer":29},{"ensembl_exon_id":"ENSE00002887933","right_crispr":{"chr_start":46153473,"off_target_summary_arr":["3","0","2","19","202"],"pam_right":1,"species_id":1,"exonic":1,"chr_end":46153495,"id":"245377650","off_target_summary":"{0: 3, 1: 0, 2: 2, 3: 19, 4: 202}","genic":1,"chr_name":"17","seq":"ACTGCAGAAACTCAGCAATGAGG"},"orientation":0,"id":"245377649_245377650","left_crispr":{"chr_start":46153437,"off_target_summary_arr":["3","0","1","15","288"],"pam_right":0,"species_id":1,"exonic":1,"chr_end":46153459,"id":"245377649","off_target_summary":"{0: 3, 1: 0, 2: 1, 3: 15, 4: 288}","genic":1,"chr_name":"17","seq":"CCTCTGATTTATCTGTCTCATGT"},"db_data":null,"spacer":13},{"ensembl_exon_id":"ENSE00002887933","right_crispr":{"chr_start":46153477,"off_target_summary_arr":["1","0","0","23","229"],"pam_right":1,"species_id":1,"exonic":1,"chr_end":46153499,"id":"245377651","off_target_summary":"{0: 1, 1: 0, 2: 0, 3: 23, 4: 229}","genic":1,"chr_name":"17","seq":"CAGAAACTCAGCAATGAGGTCGG"},"orientation":0,"id":"245377649_245377651","left_crispr":{"chr_start":46153437,"off_target_summary_arr":["3","0","1","15","288"],"pam_right":0,"species_id":1,"exonic":1,"chr_end":46153459,"id":"245377649","off_target_summary":"{0: 3, 1: 0, 2: 1, 3: 15, 4: 288}","genic":1,"chr_name":"17","seq":"CCTCTGATTTATCTGTCTCATGT"},"db_data":null,"spacer":17},{"ensembl_exon_id":"ENSE00002887933","right_crispr":{"chr_start":46153478,"off_target_summary_arr":["2","0","1","18","259"],"pam_right":1,"species_id":1,"exonic":1,"chr_end":46153500,"id":"245377652","off_target_summary":"{0: 2, 1: 0, 2: 1, 3: 18, 4: 259}","genic":1,"chr_name":"17","seq":"AGAAACTCAGCAATGAGGTCGGG"},"orientation":0,"id":"245377649_245377652","left_crispr":{"chr_start":46153437,"off_target_summary_arr":["3","0","1","15","288"],"pam_right":0,"species_id":1,"exonic":1,"chr_end":46153459,"id":"245377649","off_target_summary":"{0: 3, 1: 0, 2: 1, 3: 15, 4: 288}","genic":1,"chr_name":"17","seq":"CCTCTGATTTATCTGTCTCATGT"},"db_data":null,"spacer":18},{"ensembl_exon_id":"ENSE00002887933","right_crispr":{"chr_start":46153479,"off_target_summary_arr":["2","1","1","8","140"],"pam_right":1,"species_id":1,"exonic":1,"chr_end":46153501,"id":"245377653","off_target_summary":"{0: 2, 1: 1, 2: 1, 3: 8, 4: 140}","genic":1,"chr_name":"17","seq":"GAAACTCAGCAATGAGGTCGGGG"},"orientation":0,"id":"245377649_245377653","left_crispr":{"chr_start":46153437,"off_target_summary_arr":["3","0","1","15","288"],"pam_right":0,"species_id":1,"exonic":1,"chr_end":46153459,"id":"245377649","off_target_summary":"{0: 3, 1: 0, 2: 1, 3: 15, 4: 288}","genic":1,"chr_name":"17","seq":"CCTCTGATTTATCTGTCTCATGT"},"db_data":null,"spacer":19},{"ensembl_exon_id":"ENSE00002887933","right_crispr":{"chr_start":46153488,"off_target_summary_arr":["1","2","0","3","66"],"pam_right":1,"species_id":1,"exonic":1,"chr_end":46153510,"id":"245377654","off_target_summary":"{0: 1, 1: 2, 2: 0, 3: 3, 4: 66}","genic":1,"chr_name":"17","seq":"CAATGAGGTCGGGGCAATCCAGG"},"orientation":0,"id":"245377649_245377654","left_crispr":{"chr_start":46153437,"off_target_summary_arr":["3","0","1","15","288"],"pam_right":0,"species_id":1,"exonic":1,"chr_end":46153459,"id":"245377649","off_target_summary":"{0: 3, 1: 0, 2: 1, 3: 15, 4: 288}","genic":1,"chr_name":"17","seq":"CCTCTGATTTATCTGTCTCATGT"},"db_data":null,"spacer":28},{"ensembl_exon_id":"ENSE00002887933","right_crispr":{"chr_start":46153531,"off_target_summary_arr":["1","0","1","13","139"],"pam_right":1,"species_id":1,"exonic":1,"chr_end":46153553,"id":"245377659","off_target_summary":"{0: 1, 1: 0, 2: 1, 3: 13, 4: 139}","genic":1,"chr_name":"17","seq":"GTTGTCCTCACTGAAACCAGAGG"},"orientation":0,"id":"245377656_245377659","left_crispr":{"chr_start":46153506,"off_target_summary_arr":["2","3","2","34","326"],"pam_right":0,"species_id":1,"exonic":1,"chr_end":46153528,"id":"245377656","off_target_summary":"{0: 2, 1: 3, 2: 2, 3: 34, 4: 326}","genic":1,"chr_name":"17","seq":"CCAGGTTCTCTTCTGGCTCCCAT"},"db_data":{"status":"Not started","last_modified":"2014-07-01 11:41:00.910966","off_target_summary":null,"id":"245377656_245377659","status_id":0},"spacer":2},{"ensembl_exon_id":"ENSE00002887933","right_crispr":{"chr_start":46153532,"off_target_summary_arr":["1","0","1","18","205"],"pam_right":1,"species_id":1,"exonic":1,"chr_end":46153554,"id":"245377660","off_target_summary":"{0: 1, 1: 0, 2: 1, 3: 18, 4: 205}","genic":1,"chr_name":"17","seq":"TTGTCCTCACTGAAACCAGAGGG"},"orientation":0,"id":"245377656_245377660","left_crispr":{"chr_start":46153506,"off_target_summary_arr":["2","3","2","34","326"],"pam_right":0,"species_id":1,"exonic":1,"chr_end":46153528,"id":"245377656","off_target_summary":"{0: 2, 1: 3, 2: 2, 3: 34, 4: 326}","genic":1,"chr_name":"17","seq":"CCAGGTTCTCTTCTGGCTCCCAT"},"db_data":null,"spacer":3}]}