{"ENSE00000735651":[{"ensembl_exon_id":"ENSE00000735651","right_crispr":{"chr_start":46152376,"off_target_summary_arr":["3","1","13","29","197"],"pam_right":1,"species_id":1,"exonic":1,"chr_end":46152398,"id":"245377540","off_target_summary":"{0: 3, 1: 1, 2: 13, 3: 29, 4: 197}","genic":1,"chr_name":"17","seq":"CAGGAACATGAGCTCTCCACTGG"},"orientation":0,"id":"245377536_245377540","left_crispr":{"chr_start":46152352,"off_target_summary_arr":["1","0","0","7","88"],"pam_right":0,"species_id":1,"exonic":1,"chr_end":46152374,"id":"245377536","off_target_summary":"{0: 1, 1: 0, 2: 0, 3: 7, 4: 88}","genic":1,"chr_name":"17","seq":"CCACTGGCCGACTCACCATTTCA"},"db_data":null,"spacer":1},{"ensembl_exon_id":"ENSE00000735651","right_crispr":{"chr_start":46152404,"off_target_summary_arr":["2","2","0","7","62"],"pam_right":1,"species_id":1,"exonic":1,"chr_end":46152426,"id":"245377542","off_target_summary":"{0: 2, 1: 2, 2: 0, 3: 7, 4: 62}","genic":1,"chr_name":"17","seq":"GTAGCTCCAATAATCCGCTCCGG"},"orientation":0,"id":"245377536_245377542","left_crispr":{"chr_start":46152352,"off_target_summary_arr":["1","0","0","7","88"],"pam_right":0,"species_id":1,"exonic":1,"chr_end":46152374,"id":"245377536","off_target_summary":"{0: 1, 1: 0, 2: 0, 3: 7, 4: 88}","genic":1,"chr_name":"17","seq":"CCACTGGCCGACTCACCATTTCA"},"db_data":null,"spacer":29},{"ensembl_exon_id":"ENSE00000735651","right_crispr":{"chr_start":46152376,"off_target_summary_arr":["3","1","13","29","197"],"pam_right":1,"species_id":1,"exonic":1,"chr_end":46152398,"id":"245377540","off_target_summary":"{0: 3, 1: 1, 2: 13, 3: 29, 4: 197}","genic":1,"chr_name":"17","seq":"CAGGAACATGAGCTCTCCACTGG"},"orientation":0,"id":"245377538_245377540","left_crispr":{"chr_start":46152359,"off_target_summary_arr":["1","0","2","14","207"],"pam_right":0,"species_id":1,"exonic":1,"chr_end":46152381,"id":"245377538","off_target_summary":"{0: 1, 1: 0, 2: 2, 3: 14, 4: 207}","genic":1,"chr_name":"17","seq":"CCGACTCACCATTTCATCAGGAA"},"db_data":null,"spacer":-6},{"ensembl_exon_id":"ENSE00000735651","right_crispr":{"chr_start":46152404,"off_target_summary_arr":["2","2","0","7","62"],"pam_right":1,"species_id":1,"exonic":1,"chr_end":46152426,"id":"245377542","off_target_summary":"{0: 2, 1: 2, 2: 0, 3: 7, 4: 62}","genic":1,"chr_name":"17","seq":"GTAGCTCCAATAATCCGCTCCGG"},"orientation":0,"id":"245377538_245377542","left_crispr":{"chr_start":46152359,"off_target_summary_arr":["1","0","2","14","207"],"pam_right":0,"species_id":1,"exonic":1,"chr_end":46152381,"id":"245377538","off_target_summary":"{0: 1, 1: 0, 2: 2, 3: 14, 4: 207}","genic":1,"chr_name":"17","seq":"CCGACTCACCATTTCATCAGGAA"},"db_data":null,"spacer":22},{"ensembl_exon_id":"ENSE00000735651","right_crispr":{"chr_start":46152404,"off_target_summary_arr":["2","2","0","7","62"],"pam_right":1,"species_id":1,"exonic":1,"chr_end":46152426,"id":"245377542","off_target_summary":"{0: 2, 1: 2, 2: 0, 3: 7, 4: 62}","genic":1,"chr_name":"17","seq":"GTAGCTCCAATAATCCGCTCCGG"},"orientation":0,"id":"245377539_245377542","left_crispr":{"chr_start":46152367,"off_target_summary_arr":["3","2","0","18","158"],"pam_right":0,"species_id":1,"exonic":1,"chr_end":46152389,"id":"245377539","off_target_summary":"{0: 3, 1: 2, 2: 0, 3: 18, 4: 158}","genic":1,"chr_name":"17","seq":"CCATTTCATCAGGAACATGAGCT"},"db_data":null,"spacer":14},{"ensembl_exon_id":"ENSE00000735651","right_crispr":{"chr_start":46152431,"off_target_summary_arr":["2","0","2","4","48"],"pam_right":1,"species_id":1,"exonic":1,"chr_end":46152453,"id":"245377547","off_target_summary":"{0: 2, 1: 0, 2: 2, 3: 4, 4: 48}","genic":1,"chr_name":"17","seq":"AAACCTCGAGCAAAGCCTCGTGG"},"orientation":0,"id":"245377541_245377547","left_crispr":{"chr_start":46152392,"off_target_summary_arr":["4","2","1","5","122"],"pam_right":0,"species_id":1,"exonic":1,"chr_end":46152414,"id":"245377541","off_target_summary":"{0: 4, 1: 2, 2: 1, 3: 5, 4: 122}","genic":1,"chr_name":"17","seq":"CCACTGGAGTCTGTAGCTCCAAT"},"db_data":null,"spacer":16},{"ensembl_exon_id":"ENSE00000735651","right_crispr":{"chr_start":46152431,"off_target_summary_arr":["2","0","2","4","48"],"pam_right":1,"species_id":1,"exonic":1,"chr_end":46152453,"id":"245377547","off_target_summary":"{0: 2, 1: 0, 2: 2, 3: 4, 4: 48}","genic":1,"chr_name":"17","seq":"AAACCTCGAGCAAAGCCTCGTGG"},"orientation":0,"id":"245377543_245377547","left_crispr":{"chr_start":46152410,"off_target_summary_arr":["1","2","0","1","29"],"pam_right":0,"species_id":1,"exonic":1,"chr_end":46152432,"id":"245377543","off_target_summary":"{0: 1, 1: 2, 2: 0, 3: 1, 4: 29}","genic":1,"chr_name":"17","seq":"CCAATAATCCGCTCCGGCTCCAA"},"db_data":null,"spacer":-2},{"ensembl_exon_id":"ENSE00000735651","right_crispr":{"chr_start":46152457,"off_target_summary_arr":["1","0","0","21","313"],"pam_right":1,"species_id":1,"exonic":1,"chr_end":46152479,"id":"245377550","off_target_summary":"{0: 1, 1: 0, 2: 0, 3: 21, 4: 313}","genic":1,"chr_name":"17","seq":"TTCTGACTGTAAAAACAAGATGG"},"orientation":0,"id":"245377543_245377550","left_crispr":{"chr_start":46152410,"off_target_summary_arr":["1","2","0","1","29"],"pam_right":0,"species_id":1,"exonic":1,"chr_end":46152432,"id":"245377543","off_target_summary":"{0: 1, 1: 2, 2: 0, 3: 1, 4: 29}","genic":1,"chr_name":"17","seq":"CCAATAATCCGCTCCGGCTCCAA"},"db_data":null,"spacer":24},{"ensembl_exon_id":"ENSE00000735651","right_crispr":{"chr_start":46152458,"off_target_summary_arr":["1","1","0","19","235"],"pam_right":1,"species_id":1,"exonic":1,"chr_end":46152480,"id":"245377551","off_target_summary":"{0: 1, 1: 1, 2: 0, 3: 19, 4: 235}","genic":1,"chr_name":"17","seq":"TCTGACTGTAAAAACAAGATGGG"},"orientation":0,"id":"245377543_245377551","left_crispr":{"chr_start":46152410,"off_target_summary_arr":["1","2","0","1","29"],"pam_right":0,"species_id":1,"exonic":1,"chr_end":46152432,"id":"245377543","off_target_summary":"{0: 1, 1: 2, 2: 0, 3: 1, 4: 29}","genic":1,"chr_name":"17","seq":"CCAATAATCCGCTCCGGCTCCAA"},"db_data":null,"spacer":25},{"ensembl_exon_id":"ENSE00000735651","right_crispr":{"chr_start":46152431,"off_target_summary_arr":["2","0","2","4","48"],"pam_right":1,"species_id":1,"exonic":1,"chr_end":46152453,"id":"245377547","off_target_summary":"{0: 2, 1: 0, 2: 2, 3: 4, 4: 48}","genic":1,"chr_name":"17","seq":"AAACCTCGAGCAAAGCCTCGTGG"},"orientation":0,"id":"245377544_245377547","left_crispr":{"chr_start":46152418,"off_target_summary_arr":["1","1","0","5","68"],"pam_right":0,"species_id":1,"exonic":1,"chr_end":46152440,"id":"245377544","off_target_summary":"{0: 1, 1: 1, 2: 0, 3: 5, 4: 68}","genic":1,"chr_name":"17","seq":"CCGCTCCGGCTCCAAACCTCGAG"},"db_data":null,"spacer":-10},{"ensembl_exon_id":"ENSE00000735651","right_crispr":{"chr_start":46152457,"off_target_summary_arr":["1","0","0","21","313"],"pam_right":1,"species_id":1,"exonic":1,"chr_end":46152479,"id":"245377550","off_target_summary":"{0: 1, 1: 0, 2: 0, 3: 21, 4: 313}","genic":1,"chr_name":"17","seq":"TTCTGACTGTAAAAACAAGATGG"},"orientation":0,"id":"245377544_245377550","left_crispr":{"chr_start":46152418,"off_target_summary_arr":["1","1","0","5","68"],"pam_right":0,"species_id":1,"exonic":1,"chr_end":46152440,"id":"245377544","off_target_summary":"{0: 1, 1: 1, 2: 0, 3: 5, 4: 68}","genic":1,"chr_name":"17","seq":"CCGCTCCGGCTCCAAACCTCGAG"},"db_data":null,"spacer":16},{"ensembl_exon_id":"ENSE00000735651","right_crispr":{"chr_start":46152458,"off_target_summary_arr":["1","1","0","19","235"],"pam_right":1,"species_id":1,"exonic":1,"chr_end":46152480,"id":"245377551","off_target_summary":"{0: 1, 1: 1, 2: 0, 3: 19, 4: 235}","genic":1,"chr_name":"17","seq":"TCTGACTGTAAAAACAAGATGGG"},"orientation":0,"id":"245377544_245377551","left_crispr":{"chr_start":46152418,"off_target_summary_arr":["1","1","0","5","68"],"pam_right":0,"species_id":1,"exonic":1,"chr_end":46152440,"id":"245377544","off_target_summary":"{0: 1, 1: 1, 2: 0, 3: 5, 4: 68}","genic":1,"chr_name":"17","seq":"CCGCTCCGGCTCCAAACCTCGAG"},"db_data":null,"spacer":17},{"ensembl_exon_id":"ENSE00000735651","right_crispr":{"chr_start":46152457,"off_target_summary_arr":["1","0","0","21","313"],"pam_right":1,"species_id":1,"exonic":1,"chr_end":46152479,"id":"245377550","off_target_summary":"{0: 1, 1: 0, 2: 0, 3: 21, 4: 313}","genic":1,"chr_name":"17","seq":"TTCTGACTGTAAAAACAAGATGG"},"orientation":0,"id":"245377545_245377550","left_crispr":{"chr_start":46152423,"off_target_summary_arr":["1","0","2","14","126"],"pam_right":0,"species_id":1,"exonic":1,"chr_end":46152445,"id":"245377545","off_target_summary":"{0: 1, 1: 0, 2: 2, 3: 14, 4: 126}","genic":1,"chr_name":"17","seq":"CCGGCTCCAAACCTCGAGCAAAG"},"db_data":null,"spacer":11},{"ensembl_exon_id":"ENSE00000735651","right_crispr":{"chr_start":46152458,"off_target_summary_arr":["1","1","0","19","235"],"pam_right":1,"species_id":1,"exonic":1,"chr_end":46152480,"id":"245377551","off_target_summary":"{0: 1, 1: 1, 2: 0, 3: 19, 4: 235}","genic":1,"chr_name":"17","seq":"TCTGACTGTAAAAACAAGATGGG"},"orientation":0,"id":"245377545_245377551","left_crispr":{"chr_start":46152423,"off_target_summary_arr":["1","0","2","14","126"],"pam_right":0,"species_id":1,"exonic":1,"chr_end":46152445,"id":"245377545","off_target_summary":"{0: 1, 1: 0, 2: 2, 3: 14, 4: 126}","genic":1,"chr_name":"17","seq":"CCGGCTCCAAACCTCGAGCAAAG"},"db_data":null,"spacer":12},{"ensembl_exon_id":"ENSE00000735651","right_crispr":{"chr_start":46152457,"off_target_summary_arr":["1","0","0","21","313"],"pam_right":1,"species_id":1,"exonic":1,"chr_end":46152479,"id":"245377550","off_target_summary":"{0: 1, 1: 0, 2: 0, 3: 21, 4: 313}","genic":1,"chr_name":"17","seq":"TTCTGACTGTAAAAACAAGATGG"},"orientation":0,"id":"245377546_245377550","left_crispr":{"chr_start":46152429,"off_target_summary_arr":["2","0","1","2","46"],"pam_right":0,"species_id":1,"exonic":1,"chr_end":46152451,"id":"245377546","off_target_summary":"{0: 2, 1: 0, 2: 1, 3: 2, 4: 46}","genic":1,"chr_name":"17","seq":"CCAAACCTCGAGCAAAGCCTCGT"},"db_data":null,"spacer":5},{"ensembl_exon_id":"ENSE00000735651","right_crispr":{"chr_start":46152458,"off_target_summary_arr":["1","1","0","19","235"],"pam_right":1,"species_id":1,"exonic":1,"chr_end":46152480,"id":"245377551","off_target_summary":"{0: 1, 1: 1, 2: 0, 3: 19, 4: 235}","genic":1,"chr_name":"17","seq":"TCTGACTGTAAAAACAAGATGGG"},"orientation":0,"id":"245377546_245377551","left_crispr":{"chr_start":46152429,"off_target_summary_arr":["2","0","1","2","46"],"pam_right":0,"species_id":1,"exonic":1,"chr_end":46152451,"id":"245377546","off_target_summary":"{0: 2, 1: 0, 2: 1, 3: 2, 4: 46}","genic":1,"chr_name":"17","seq":"CCAAACCTCGAGCAAAGCCTCGT"},"db_data":null,"spacer":6},{"ensembl_exon_id":"ENSE00000735651","right_crispr":{"chr_start":46152457,"off_target_summary_arr":["1","0","0","21","313"],"pam_right":1,"species_id":1,"exonic":1,"chr_end":46152479,"id":"245377550","off_target_summary":"{0: 1, 1: 0, 2: 0, 3: 21, 4: 313}","genic":1,"chr_name":"17","seq":"TTCTGACTGTAAAAACAAGATGG"},"orientation":0,"id":"245377548_245377550","left_crispr":{"chr_start":46152434,"off_target_summary_arr":["2","1","2","3","50"],"pam_right":0,"species_id":1,"exonic":1,"chr_end":46152456,"id":"245377548","off_target_summary":"{0: 2, 1: 1, 2: 2, 3: 3, 4: 50}","genic":1,"chr_name":"17","seq":"CCTCGAGCAAAGCCTCGTGGCTT"},"db_data":null,"spacer":0},{"ensembl_exon_id":"ENSE00000735651","right_crispr":{"chr_start":46152458,"off_target_summary_arr":["1","1","0","19","235"],"pam_right":1,"species_id":1,"exonic":1,"chr_end":46152480,"id":"245377551","off_target_summary":"{0: 1, 1: 1, 2: 0, 3: 19, 4: 235}","genic":1,"chr_name":"17","seq":"TCTGACTGTAAAAACAAGATGGG"},"orientation":0,"id":"245377548_245377551","left_crispr":{"chr_start":46152434,"off_target_summary_arr":["2","1","2","3","50"],"pam_right":0,"species_id":1,"exonic":1,"chr_end":46152456,"id":"245377548","off_target_summary":"{0: 2, 1: 1, 2: 2, 3: 3, 4: 50}","genic":1,"chr_name":"17","seq":"CCTCGAGCAAAGCCTCGTGGCTT"},"db_data":null,"spacer":1}]}